---
source: external-crates/move/crates/move-transactional-test-runner/src/framework.rs
---
processed 1 task

task 0, lines 4-20:
//# publish
Error: Transaction Effects Status: Aiy Move Bytecode Verification Error. Please run the Aiy Move Verifier for more information.
Execution Error: ExecutionError: ExecutionError { inner: ExecutionErrorInner { kind: AiyMoveVerificationError, source: Some("PartialVMError with status UNKNOWN_VERIFICATION_ERROR with sub status 1 and message Invalid object creation in _::m::foo. Object created without a newly created UID. The UID must come directly from `aiy::object::new`, or `aiy::derived_object::claim`. For tests, it can also come from `aiy::test_scenario::new_object`"), command: Some(0) } }
