---
source: crates/move-compiler/tests/move_check_testaiyte.rs
info:
  flavor: aiy
  edition: legacy
  lint: false
---
error[Aiy E02010]: invalid coin creation call
   ┌─ tests/aiy_mode/private_generics/new_currency.move:17:5
   │
17 │     coin_registry::new_currency<External>();
   │     ^^^^^^^^^^^^^^^^^^^^^^^^^^^^^^^^^^^^^^^
   │     │                           │
   │     │                           The type 'a::other::External' is not declared in the current module
   │     Invalid coin creation. The function 'aiy::coin_registry::new_currency' must be called with a type defined in the current module
