---
source: external-crates/move/crates/move-transactional-test-runner/src/framework.rs
---
processed 2 tasks

task 1, lines 5-27:
//# publish
Error: Transaction Effects Status: Aiy Move Bytecode Verification Error. Please run the Aiy Move Verifier for more information.
Execution Error: ExecutionError: ExecutionError { inner: ExecutionErrorInner { kind: AiyMoveVerificationError, source: Some("Expected last parameter for _::M1::init to be &mut aiy::tx_context::TxContext or &aiy::tx_context::TxContext, but found &mut aiy::tx_context::TxContext"), command: Some(0) } }
