---
source: external-crates/move/crates/move-transactional-test-runner/src/framework.rs
---
processed 1 task

task 0, lines 6-14:
//# publish
Error: Transaction Effects Status: Aiy Move Bytecode Verification Error. Please run the Aiy Move Verifier for more information.
Execution Error: ExecutionError: ExecutionError { inner: ExecutionErrorInner { kind: AiyMoveVerificationError, source: Some("Invalid entry point parameter type. Random must be passed by immutable reference. got: &mut aiy::random::Random"), command: Some(0) } }
